{
    "Should run fastp_trim successfully with paired-end data and produce expected output files": {
        "content": [
            {
                "0": [
                    [
                        "test_sample_pe",
                        "trimmed_test_sample_pe_R1.fastq:md5,d41d8cd98f00b204e9800998ecf8427e",
                        "trimmed_test_sample_pe_R2.fastq:md5,d41d8cd98f00b204e9800998ecf8427e"
                    ]
                ]
            }
        ],
        "meta": {
            "nf-test": "0.9.2",
            "nextflow": "25.04.2"
        },
        "timestamp": "2025-05-25T00:39:52.909797"
    }
}